
> weejoker-app@0.1.0 build
> next build

Γû▓ Next.js 16.2.0-canary.28 (Turbopack)

  Creating an optimized production build ...

> Build error occurred
Error: Turbopack build failed with 1 errors:
./components/ClientProviders.tsx:5:1
Module not found: Can't resolve '@/Blueprint/src/themes/Balatro'
  3 | import React from 'react';
  4 | import { MantineProvider } from '@mantine/core';
> 5 | import { BalatroTheme } from '@/Blueprint/src/themes/Balatro';
    | ^^^^^^^^^^^^^^^^^^^^^^^^^^^^^^^^^^^^^^^^^^^^^^^^^^^^^^^^^^^^^^
  6 |
  7 | export default function ClientProviders({ children }: { children: React.ReactNode }) {
  8 |     return (

Import map: aliased to relative './Blueprint/src/themes/Balatro' inside of [project]/


Import traces:
  Edge Server Component:
    ./components/ClientProviders.tsx
    ./app/layout.tsx

  Server Component:
    ./components/ClientProviders.tsx
    ./app/layout.tsx

https://nextjs.org/docs/messages/module-not-found


    at <unknown> (./components/ClientProviders.tsx:5:1)
    at <unknown> (https://nextjs.org/docs/messages/module-not-found)
