
> weejoker-app@0.1.0 build
> next build

Γû▓ Next.js 16.1.1 (Turbopack)

  Creating an optimized production build ...

> Build error occurred
Error: Turbopack build failed with 11 errors:
./lib/seedAnalyzer.ts:8:1
Module not found: Can't resolve './balatrots/BalatroAnalyzer'
   6 |  */
   7 |
>  8 | import { BalatroAnalyzer } from './balatrots/BalatroAnalyzer';
     | ^^^^^^^^^^^^^^^^^^^^^^^^^^^^^^^^^^^^^^^^^^^^^^^^^^^^^^^^^^^^^^
   9 | import { Deck, DeckType, deckMap } from './balatrots/enum/Deck';
  10 | import { Stake, StakeType, stakeMap } from './balatrots/enum/Stake';
  11 | import { Version } from './balatrots/enum/Version';

Symlink lib/balatrots/BalatroAnalyzer.ts is invalid, it points out of the filesystem root

Debug info:
- Execution of <ModuleAssetContext as AssetContext>::resolve_asset failed
- Execution of resolve failed
- Execution of resolve_internal failed
- Symlink lib/balatrots/BalatroAnalyzer.ts is invalid, it points out of the filesystem root


Import traces:
  Edge App Route:
    ./lib/seedAnalyzer.ts
    ./app/api/analyze/[seed]/route.ts

  Client Component Browser:
    ./lib/seedAnalyzer.ts [Client Component Browser]
    ./lib/hooks/useSeedAnalyzer.ts [Client Component Browser]
    ./components/DailyRitual.tsx [Client Component Browser]
    ./components/DailyRitual.tsx [Server Component]
    ./app/page.tsx [Server Component]

  Client Component SSR:
    ./lib/seedAnalyzer.ts [Client Component SSR]
    ./lib/hooks/useSeedAnalyzer.ts [Client Component SSR]
    ./components/DailyRitual.tsx [Client Component SSR]
    ./components/DailyRitual.tsx [Server Component]
    ./app/page.tsx [Server Component]

https://nextjs.org/docs/messages/module-not-found


./lib/seedAnalyzer.ts:9:1
Module not found: Can't resolve './balatrots/enum/Deck'
   7 |
   8 | import { BalatroAnalyzer } from './balatrots/BalatroAnalyzer';
>  9 | import { Deck, DeckType, deckMap } from './balatrots/enum/Deck';
     | ^^^^^^^^^^^^^^^^^^^^^^^^^^^^^^^^^^^^^^^^^^^^^^^^^^^^^^^^^^^^^^^^
  10 | import { Stake, StakeType, stakeMap } from './balatrots/enum/Stake';
  11 | import { Version } from './balatrots/enum/Version';
  12 | import { JokerData } from './balatrots/struct/JokerData';

Symlink lib/balatrots/enum/Deck.ts is invalid, it points out of the filesystem root

Debug info:
- Execution of <ModuleAssetContext as AssetContext>::resolve_asset failed
- Execution of resolve failed
- Execution of resolve_internal failed
- Symlink lib/balatrots/enum/Deck.ts is invalid, it points out of the filesystem root


Import traces:
  Edge App Route:
    ./lib/seedAnalyzer.ts
    ./app/api/analyze/[seed]/route.ts

  Client Component Browser:
    ./lib/seedAnalyzer.ts [Client Component Browser]
    ./lib/hooks/useSeedAnalyzer.ts [Client Component Browser]
    ./components/DailyRitual.tsx [Client Component Browser]
    ./components/DailyRitual.tsx [Server Component]
    ./app/page.tsx [Server Component]

  Client Component SSR:
    ./lib/seedAnalyzer.ts [Client Component SSR]
    ./lib/hooks/useSeedAnalyzer.ts [Client Component SSR]
    ./components/DailyRitual.tsx [Client Component SSR]
    ./components/DailyRitual.tsx [Server Component]
    ./app/page.tsx [Server Component]

https://nextjs.org/docs/messages/module-not-found


./lib/seedAnalyzer.ts:10:1
Module not found: Can't resolve './balatrots/enum/Stake'
   8 | import { BalatroAnalyzer } from './balatrots/BalatroAnalyzer';
   9 | import { Deck, DeckType, deckMap } from './balatrots/enum/Deck';
> 10 | import { Stake, StakeType, stakeMap } from './balatrots/enum/Stake';
     | ^^^^^^^^^^^^^^^^^^^^^^^^^^^^^^^^^^^^^^^^^^^^^^^^^^^^^^^^^^^^^^^^^^^^
  11 | import { Version } from './balatrots/enum/Version';
  12 | import { JokerData } from './balatrots/struct/JokerData';
  13 | import { Card } from './balatrots/enum/cards/Card';

Symlink lib/balatrots/enum/Stake.ts is invalid, it points out of the filesystem root

Debug info:
- Execution of <ModuleAssetContext as AssetContext>::resolve_asset failed
- Execution of resolve failed
- Execution of resolve_internal failed
- Symlink lib/balatrots/enum/Stake.ts is invalid, it points out of the filesystem root


Import traces:
  Edge App Route:
    ./lib/seedAnalyzer.ts
    ./app/api/analyze/[seed]/route.ts

  Client Component Browser:
    ./lib/seedAnalyzer.ts [Client Component Browser]
    ./lib/hooks/useSeedAnalyzer.ts [Client Component Browser]
    ./components/DailyRitual.tsx [Client Component Browser]
    ./components/DailyRitual.tsx [Server Component]
    ./app/page.tsx [Server Component]

  Client Component SSR:
    ./lib/seedAnalyzer.ts [Client Component SSR]
    ./lib/hooks/useSeedAnalyzer.ts [Client Component SSR]
    ./components/DailyRitual.tsx [Client Component SSR]
    ./components/DailyRitual.tsx [Server Component]
    ./app/page.tsx [Server Component]

https://nextjs.org/docs/messages/module-not-found


./lib/seedAnalyzer.ts:11:1
Module not found: Can't resolve './balatrots/enum/Version'
   9 | import { Deck, DeckType, deckMap } from './balatrots/enum/Deck';
  10 | import { Stake, StakeType, stakeMap } from './balatrots/enum/Stake';
> 11 | import { Version } from './balatrots/enum/Version';
     | ^^^^^^^^^^^^^^^^^^^^^^^^^^^^^^^^^^^^^^^^^^^^^^^^^^^
  12 | import { JokerData } from './balatrots/struct/JokerData';
  13 | import { Card } from './balatrots/enum/cards/Card';
  14 | import { Run } from './balatrots/Run';

Symlink lib/balatrots/enum/Version.ts is invalid, it points out of the filesystem root

Debug info:
- Execution of <ModuleAssetContext as AssetContext>::resolve_asset failed
- Execution of resolve failed
- Execution of resolve_internal failed
- Symlink lib/balatrots/enum/Version.ts is invalid, it points out of the filesystem root


Import traces:
  Edge App Route:
    ./lib/seedAnalyzer.ts
    ./app/api/analyze/[seed]/route.ts

  Client Component Browser:
    ./lib/seedAnalyzer.ts [Client Component Browser]
    ./lib/hooks/useSeedAnalyzer.ts [Client Component Browser]
    ./components/DailyRitual.tsx [Client Component Browser]
    ./components/DailyRitual.tsx [Server Component]
    ./app/page.tsx [Server Component]

  Client Component SSR:
    ./lib/seedAnalyzer.ts [Client Component SSR]
    ./lib/hooks/useSeedAnalyzer.ts [Client Component SSR]
    ./components/DailyRitual.tsx [Client Component SSR]
    ./components/DailyRitual.tsx [Server Component]
    ./app/page.tsx [Server Component]

https://nextjs.org/docs/messages/module-not-found


./lib/data/constants.ts:1:1
Module not found: Can't resolve '@/lib/balatrots/enum/Deck'
> 1 | import { DeckType, deckNames } from '@/lib/balatrots/enum/Deck';
    | ^^^^^^^^^^^^^^^^^^^^^^^^^^^^^^^^^^^^^^^^^^^^^^^^^^^^^^^^^^^^^^^^
  2 | import { StakeType } from '@/lib/balatrots/enum/Stake';
  3 | import { Rank } from '@/lib/balatrots/enum/Rank';
  4 | import { Suit } from '@/lib/balatrots/enum/Suit';

Symlink lib/balatrots/enum/Deck.ts is invalid, it points out of the filesystem root

Debug info:
- Execution of <ModuleAssetContext as AssetContext>::resolve_asset failed
- Execution of resolve failed
- Execution of resolve_internal failed
- Execution of *ResolveResult::is_unresolvable failed
- Execution of *ResolveResult::with_replaced_request_key_pattern failed
- Execution of resolve_internal failed
- Symlink lib/balatrots/enum/Deck.ts is invalid, it points out of the filesystem root
Import map: aliased to relative './lib/balatrots/enum/Deck' inside of [project]/


Import traces:
  Client Component Browser:
    ./lib/data/constants.ts [Client Component Browser]
    ./lib/hooks/useJamlFilter.ts [Client Component Browser]
    ./components/AgnosticSeedCard.tsx [Client Component Browser]
    ./components/DailyRitual.tsx [Client Component Browser]
    ./components/DailyRitual.tsx [Server Component]
    ./app/page.tsx [Server Component]

  Client Component SSR:
    ./lib/data/constants.ts [Client Component SSR]
    ./lib/hooks/useJamlFilter.ts [Client Component SSR]
    ./components/AgnosticSeedCard.tsx [Client Component SSR]
    ./components/DailyRitual.tsx [Client Component SSR]
    ./components/DailyRitual.tsx [Server Component]
    ./app/page.tsx [Server Component]

https://nextjs.org/docs/messages/module-not-found


./lib/data/constants.ts:6:1
Module not found: Can't resolve '@/lib/balatrots/enum/Edition'
  4 | import { Suit } from '@/lib/balatrots/enum/Suit';
  5 | import { Enhancement } from '@/lib/balatrots/enum/Enhancement';
> 6 | import { Edition } from '@/lib/balatrots/enum/Edition';
    | ^^^^^^^^^^^^^^^^^^^^^^^^^^^^^^^^^^^^^^^^^^^^^^^^^^^^^^^
  7 | import { Seal } from '@/lib/balatrots/enum/Seal';
  8 |
  9 | // UI Options derived from Enums

Symlink lib/balatrots/enum/Edition.ts is invalid, it points out of the filesystem root

Debug info:
- Execution of <ModuleAssetContext as AssetContext>::resolve_asset failed
- Execution of resolve failed
- Execution of resolve_internal failed
- Execution of *ResolveResult::is_unresolvable failed
- Execution of *ResolveResult::with_replaced_request_key_pattern failed
- Execution of resolve_internal failed
- Symlink lib/balatrots/enum/Edition.ts is invalid, it points out of the filesystem root
Import map: aliased to relative './lib/balatrots/enum/Edition' inside of [project]/


Import traces:
  Client Component Browser:
    ./lib/data/constants.ts [Client Component Browser]
    ./lib/hooks/useJamlFilter.ts [Client Component Browser]
    ./components/AgnosticSeedCard.tsx [Client Component Browser]
    ./components/DailyRitual.tsx [Client Component Browser]
    ./components/DailyRitual.tsx [Server Component]
    ./app/page.tsx [Server Component]

  Client Component SSR:
    ./lib/data/constants.ts [Client Component SSR]
    ./lib/hooks/useJamlFilter.ts [Client Component SSR]
    ./components/AgnosticSeedCard.tsx [Client Component SSR]
    ./components/DailyRitual.tsx [Client Component SSR]
    ./components/DailyRitual.tsx [Server Component]
    ./app/page.tsx [Server Component]

https://nextjs.org/docs/messages/module-not-found


./lib/data/constants.ts:5:1
Module not found: Can't resolve '@/lib/balatrots/enum/Enhancement'
  3 | import { Rank } from '@/lib/balatrots/enum/Rank';
  4 | import { Suit } from '@/lib/balatrots/enum/Suit';
> 5 | import { Enhancement } from '@/lib/balatrots/enum/Enhancement';
    | ^^^^^^^^^^^^^^^^^^^^^^^^^^^^^^^^^^^^^^^^^^^^^^^^^^^^^^^^^^^^^^^
  6 | import { Edition } from '@/lib/balatrots/enum/Edition';
  7 | import { Seal } from '@/lib/balatrots/enum/Seal';
  8 |

Symlink lib/balatrots/enum/Enhancement.ts is invalid, it points out of the filesystem root

Debug info:
- Execution of <ModuleAssetContext as AssetContext>::resolve_asset failed
- Execution of resolve failed
- Execution of resolve_internal failed
- Execution of *ResolveResult::is_unresolvable failed
- Execution of *ResolveResult::with_replaced_request_key_pattern failed
- Execution of resolve_internal failed
- Symlink lib/balatrots/enum/Enhancement.ts is invalid, it points out of the filesystem root
Import map: aliased to relative './lib/balatrots/enum/Enhancement' inside of [project]/


Import traces:
  Client Component Browser:
    ./lib/data/constants.ts [Client Component Browser]
    ./lib/hooks/useJamlFilter.ts [Client Component Browser]
    ./components/AgnosticSeedCard.tsx [Client Component Browser]
    ./components/DailyRitual.tsx [Client Component Browser]
    ./components/DailyRitual.tsx [Server Component]
    ./app/page.tsx [Server Component]

  Client Component SSR:
    ./lib/data/constants.ts [Client Component SSR]
    ./lib/hooks/useJamlFilter.ts [Client Component SSR]
    ./components/AgnosticSeedCard.tsx [Client Component SSR]
    ./components/DailyRitual.tsx [Client Component SSR]
    ./components/DailyRitual.tsx [Server Component]
    ./app/page.tsx [Server Component]

https://nextjs.org/docs/messages/module-not-found


./lib/data/constants.ts:3:1
Module not found: Can't resolve '@/lib/balatrots/enum/Rank'
  1 | import { DeckType, deckNames } from '@/lib/balatrots/enum/Deck';
  2 | import { StakeType } from '@/lib/balatrots/enum/Stake';
> 3 | import { Rank } from '@/lib/balatrots/enum/Rank';
    | ^^^^^^^^^^^^^^^^^^^^^^^^^^^^^^^^^^^^^^^^^^^^^^^^^
  4 | import { Suit } from '@/lib/balatrots/enum/Suit';
  5 | import { Enhancement } from '@/lib/balatrots/enum/Enhancement';
  6 | import { Edition } from '@/lib/balatrots/enum/Edition';

Symlink lib/balatrots/enum/Rank.ts is invalid, it points out of the filesystem root

Debug info:
- Execution of <ModuleAssetContext as AssetContext>::resolve_asset failed
- Execution of resolve failed
- Execution of resolve_internal failed
- Execution of *ResolveResult::is_unresolvable failed
- Execution of *ResolveResult::with_replaced_request_key_pattern failed
- Execution of resolve_internal failed
- Symlink lib/balatrots/enum/Rank.ts is invalid, it points out of the filesystem root
Import map: aliased to relative './lib/balatrots/enum/Rank' inside of [project]/


Import traces:
  Client Component Browser:
    ./lib/data/constants.ts [Client Component Browser]
    ./lib/hooks/useJamlFilter.ts [Client Component Browser]
    ./components/AgnosticSeedCard.tsx [Client Component Browser]
    ./components/DailyRitual.tsx [Client Component Browser]
    ./components/DailyRitual.tsx [Server Component]
    ./app/page.tsx [Server Component]

  Client Component SSR:
    ./lib/data/constants.ts [Client Component SSR]
    ./lib/hooks/useJamlFilter.ts [Client Component SSR]
    ./components/AgnosticSeedCard.tsx [Client Component SSR]
    ./components/DailyRitual.tsx [Client Component SSR]
    ./components/DailyRitual.tsx [Server Component]
    ./app/page.tsx [Server Component]

https://nextjs.org/docs/messages/module-not-found


./lib/data/constants.ts:7:1
Module not found: Can't resolve '@/lib/balatrots/enum/Seal'
   5 | import { Enhancement } from '@/lib/balatrots/enum/Enhancement';
   6 | import { Edition } from '@/lib/balatrots/enum/Edition';
>  7 | import { Seal } from '@/lib/balatrots/enum/Seal';
     | ^^^^^^^^^^^^^^^^^^^^^^^^^^^^^^^^^^^^^^^^^^^^^^^^^
   8 |
   9 | // UI Options derived from Enums
  10 | export const DECK_OPTIONS = Object.values(DeckType).map(type => deckNames[type]);

Symlink lib/balatrots/enum/Seal.ts is invalid, it points out of the filesystem root

Debug info:
- Execution of <ModuleAssetContext as AssetContext>::resolve_asset failed
- Execution of resolve failed
- Execution of resolve_internal failed
- Execution of *ResolveResult::is_unresolvable failed
- Execution of *ResolveResult::with_replaced_request_key_pattern failed
- Execution of resolve_internal failed
- Symlink lib/balatrots/enum/Seal.ts is invalid, it points out of the filesystem root
Import map: aliased to relative './lib/balatrots/enum/Seal' inside of [project]/


Import traces:
  Client Component Browser:
    ./lib/data/constants.ts [Client Component Browser]
    ./lib/hooks/useJamlFilter.ts [Client Component Browser]
    ./components/AgnosticSeedCard.tsx [Client Component Browser]
    ./components/DailyRitual.tsx [Client Component Browser]
    ./components/DailyRitual.tsx [Server Component]
    ./app/page.tsx [Server Component]

  Client Component SSR:
    ./lib/data/constants.ts [Client Component SSR]
    ./lib/hooks/useJamlFilter.ts [Client Component SSR]
    ./components/AgnosticSeedCard.tsx [Client Component SSR]
    ./components/DailyRitual.tsx [Client Component SSR]
    ./components/DailyRitual.tsx [Server Component]
    ./app/page.tsx [Server Component]

https://nextjs.org/docs/messages/module-not-found


./lib/data/constants.ts:2:1
Module not found: Can't resolve '@/lib/balatrots/enum/Stake'
  1 | import { DeckType, deckNames } from '@/lib/balatrots/enum/Deck';
> 2 | import { StakeType } from '@/lib/balatrots/enum/Stake';
    | ^^^^^^^^^^^^^^^^^^^^^^^^^^^^^^^^^^^^^^^^^^^^^^^^^^^^^^^
  3 | import { Rank } from '@/lib/balatrots/enum/Rank';
  4 | import { Suit } from '@/lib/balatrots/enum/Suit';
  5 | import { Enhancement } from '@/lib/balatrots/enum/Enhancement';

Symlink lib/balatrots/enum/Stake.ts is invalid, it points out of the filesystem root

Debug info:
- Execution of <ModuleAssetContext as AssetContext>::resolve_asset failed
- Execution of resolve failed
- Execution of resolve_internal failed
- Execution of *ResolveResult::is_unresolvable failed
- Execution of *ResolveResult::with_replaced_request_key_pattern failed
- Execution of resolve_internal failed
- Symlink lib/balatrots/enum/Stake.ts is invalid, it points out of the filesystem root
Import map: aliased to relative './lib/balatrots/enum/Stake' inside of [project]/


Import traces:
  Client Component Browser:
    ./lib/data/constants.ts [Client Component Browser]
    ./lib/hooks/useJamlFilter.ts [Client Component Browser]
    ./components/AgnosticSeedCard.tsx [Client Component Browser]
    ./components/DailyRitual.tsx [Client Component Browser]
    ./components/DailyRitual.tsx [Server Component]
    ./app/page.tsx [Server Component]

  Client Component SSR:
    ./lib/data/constants.ts [Client Component SSR]
    ./lib/hooks/useJamlFilter.ts [Client Component SSR]
    ./components/AgnosticSeedCard.tsx [Client Component SSR]
    ./components/DailyRitual.tsx [Client Component SSR]
    ./components/DailyRitual.tsx [Server Component]
    ./app/page.tsx [Server Component]

https://nextjs.org/docs/messages/module-not-found


./lib/data/constants.ts:4:1
Module not found: Can't resolve '@/lib/balatrots/enum/Suit'
  2 | import { StakeType } from '@/lib/balatrots/enum/Stake';
  3 | import { Rank } from '@/lib/balatrots/enum/Rank';
> 4 | import { Suit } from '@/lib/balatrots/enum/Suit';
    | ^^^^^^^^^^^^^^^^^^^^^^^^^^^^^^^^^^^^^^^^^^^^^^^^^
  5 | import { Enhancement } from '@/lib/balatrots/enum/Enhancement';
  6 | import { Edition } from '@/lib/balatrots/enum/Edition';
  7 | import { Seal } from '@/lib/balatrots/enum/Seal';

Symlink lib/balatrots/enum/Suit.ts is invalid, it points out of the filesystem root

Debug info:
- Execution of <ModuleAssetContext as AssetContext>::resolve_asset failed
- Execution of resolve failed
- Execution of resolve_internal failed
- Execution of *ResolveResult::is_unresolvable failed
- Execution of *ResolveResult::with_replaced_request_key_pattern failed
- Execution of resolve_internal failed
- Symlink lib/balatrots/enum/Suit.ts is invalid, it points out of the filesystem root
Import map: aliased to relative './lib/balatrots/enum/Suit' inside of [project]/


Import traces:
  Client Component Browser:
    ./lib/data/constants.ts [Client Component Browser]
    ./lib/hooks/useJamlFilter.ts [Client Component Browser]
    ./components/AgnosticSeedCard.tsx [Client Component Browser]
    ./components/DailyRitual.tsx [Client Component Browser]
    ./components/DailyRitual.tsx [Server Component]
    ./app/page.tsx [Server Component]

  Client Component SSR:
    ./lib/data/constants.ts [Client Component SSR]
    ./lib/hooks/useJamlFilter.ts [Client Component SSR]
    ./components/AgnosticSeedCard.tsx [Client Component SSR]
    ./components/DailyRitual.tsx [Client Component SSR]
    ./components/DailyRitual.tsx [Server Component]
    ./app/page.tsx [Server Component]

https://nextjs.org/docs/messages/module-not-found


    at <unknown> (./lib/seedAnalyzer.ts:8:1)
    at <unknown> (https://nextjs.org/docs/messages/module-not-found)
    at <unknown> (./lib/seedAnalyzer.ts:9:1)
    at <unknown> (https://nextjs.org/docs/messages/module-not-found)
    at <unknown> (./lib/seedAnalyzer.ts:10:1)
    at <unknown> (https://nextjs.org/docs/messages/module-not-found)
    at <unknown> (./lib/seedAnalyzer.ts:11:1)
    at <unknown> (https://nextjs.org/docs/messages/module-not-found)
    at <unknown> (./lib/data/constants.ts:1:1)
    at <unknown> (https://nextjs.org/docs/messages/module-not-found)
    at <unknown> (./lib/data/constants.ts:6:1)
    at <unknown> (https://nextjs.org/docs/messages/module-not-found)
    at <unknown> (./lib/data/constants.ts:5:1)
    at <unknown> (https://nextjs.org/docs/messages/module-not-found)
    at <unknown> (./lib/data/constants.ts:3:1)
    at <unknown> (https://nextjs.org/docs/messages/module-not-found)
    at <unknown> (./lib/data/constants.ts:7:1)
    at <unknown> (https://nextjs.org/docs/messages/module-not-found)
    at <unknown> (./lib/data/constants.ts:2:1)
    at <unknown> (https://nextjs.org/docs/messages/module-not-found)
    at <unknown> (./lib/data/constants.ts:4:1)
    at <unknown> (https://nextjs.org/docs/messages/module-not-found)
